// Jest Snapshot v1, https://goo.gl/fbAQLP

exports[`ConnectedMutation maps requestSelector to mutation with type prop 1`] = `
<div>
  loading
  error
</div>
`;

exports[`ConnectedMutation maps requestSelector to mutation with type prop as action creator 1`] = `
<div>
  loading
  error
</div>
`;
