// Jest Snapshot v1, https://goo.gl/fbAQLP

exports[`ConnectedQuery maps requestSelector to query 1`] = `
<div>
  data
</div>
`;
